/tmp/github-runner/CucumberTest/CucumberTest/src/test/java/Steps/UISearchStepsDefinitions.java
/tmp/github-runner/CucumberTest/CucumberTest/src/test/java/API/BuilderClasses/SearchBuilder.java
/tmp/github-runner/CucumberTest/CucumberTest/src/test/java/Steps/ApiSearchStepsDefinition.java
/tmp/github-runner/CucumberTest/CucumberTest/src/test/java/UI/PageObjects/WikipediaPage.java
/tmp/github-runner/CucumberTest/CucumberTest/src/test/java/API/BuilderClasses/CommonBuilder.java
/tmp/github-runner/CucumberTest/CucumberTest/src/test/java/API/BuilderClasses/ExternalUrlBuilder.java
/tmp/github-runner/CucumberTest/CucumberTest/src/test/java/UI/PageObjects/SearchResultsPage.java
/tmp/github-runner/CucumberTest/CucumberTest/src/test/java/Runner/TestNGCucumberRunner.java
/tmp/github-runner/CucumberTest/CucumberTest/src/test/java/context/World.java
/tmp/github-runner/CucumberTest/CucumberTest/src/test/java/Hooks/UIHooks.java
/tmp/github-runner/CucumberTest/CucumberTest/src/test/java/UI/PageObjects/SearchPage.java
/tmp/github-runner/CucumberTest/CucumberTest/src/test/java/UI/PageObjects/CommonPage.java
