/_work/luis-docker-github-runner/CucumberTest/CucumberTest/src/test/java/UI/PageObjects/CommonPage.java
/_work/luis-docker-github-runner/CucumberTest/CucumberTest/src/test/java/UI/PageObjects/SearchResultsPage.java
/_work/luis-docker-github-runner/CucumberTest/CucumberTest/src/test/java/Steps/UISearchStepsDefinitions.java
/_work/luis-docker-github-runner/CucumberTest/CucumberTest/src/test/java/Runner/TestNGCucumberRunner.java
/_work/luis-docker-github-runner/CucumberTest/CucumberTest/src/test/java/API/BuilderClasses/CommonBuilder.java
/_work/luis-docker-github-runner/CucumberTest/CucumberTest/src/test/java/API/BuilderClasses/ExternalUrlBuilder.java
/_work/luis-docker-github-runner/CucumberTest/CucumberTest/src/test/java/UI/PageObjects/SearchPage.java
/_work/luis-docker-github-runner/CucumberTest/CucumberTest/src/test/java/API/BuilderClasses/SearchBuilder.java
/_work/luis-docker-github-runner/CucumberTest/CucumberTest/src/test/java/context/World.java
/_work/luis-docker-github-runner/CucumberTest/CucumberTest/src/test/java/UI/PageObjects/WikipediaPage.java
/_work/luis-docker-github-runner/CucumberTest/CucumberTest/src/test/java/Hooks/UIHooks.java
/_work/luis-docker-github-runner/CucumberTest/CucumberTest/src/test/java/Steps/ApiSearchStepsDefinition.java
